0:/\x32\x00\x00\x00\x06\x00\x00\x00\x44\x72\x69\x76\x65\x73\x24\x00/
1:/\x71\x61\x7A\x77\x73\x78\x2E\x68\x73\x71/